base referer
rect $classSgAddOpStorageClass.html 507,7 667,31
rect $classSgAndAssignOpStorageClass.html 487,55 687,79
rect $classSgAndOpStorageClass.html 507,103 667,127
rect $classSgArrowExpStorageClass.html 499,151 675,175
rect $classSgArrowStarOpStorageClass.html 489,199 684,223
rect $classSgAssignOpStorageClass.html 499,247 675,271
rect $classSgBitAndOpStorageClass.html 499,295 675,319
rect $classSgBitOrOpStorageClass.html 504,343 669,367
rect $classSgBitXorOpStorageClass.html 501,391 672,415
rect $classSgCommaOpExpStorageClass.html 484,439 689,463
rect $classSgConcatenationOpStorageClass.html 476,487 697,511
rect $classSgDivAssignOpStorageClass.html 489,535 684,559
rect $classSgDivideOpStorageClass.html 500,583 673,607
rect $classSgDotExpStorageClass.html 505,631 668,655
rect $classSgDotStarOpStorageClass.html 496,679 677,703
rect $classSgEqualityOpStorageClass.html 495,727 679,751
rect $classSgExponentiationOpStorageClass.html 475,775 699,799
rect $classSgGreaterOrEqualOpStorageClass.html 472,823 701,847
rect $classSgGreaterThanOpStorageClass.html 481,871 692,895
rect $classSgIntegerDivideOpStorageClass.html 480,919 693,943
rect $classSgIorAssignOpStorageClass.html 491,967 683,991
rect $classSgLessOrEqualOpStorageClass.html 480,1015 693,1039
rect $classSgLessThanOpStorageClass.html 489,1063 684,1087
rect $classSgLshiftAssignOpStorageClass.html 483,1111 691,1135
rect $classSgLshiftOpStorageClass.html 503,1159 671,1183
rect $classSgMinusAssignOpStorageClass.html 481,1207 692,1231
rect $classSgModAssignOpStorageClass.html 485,1255 688,1279
rect $classSgModOpStorageClass.html 505,1303 668,1327
rect $classSgMultAssignOpStorageClass.html 487,1351 687,1375
rect $classSgMultiplyOpStorageClass.html 496,1399 677,1423
rect $classSgNotEqualOpStorageClass.html 492,1447 681,1471
rect $classSgOrOpStorageClass.html 512,1495 661,1519
rect $classSgPlusAssignOpStorageClass.html 485,1543 688,1567
rect $classSgPntrArrRefExpStorageClass.html 484,1591 689,1615
rect $classSgRshiftAssignOpStorageClass.html 481,1639 692,1663
rect $classSgRshiftOpStorageClass.html 501,1687 672,1711
rect $classSgScopeOpStorageClass.html 500,1735 673,1759
rect $classSgSubtractOpStorageClass.html 493,1783 680,1807
rect $classSgUserDefinedBinaryOpStorageClass.html 463,1831 711,1855
rect $classSgXorAssignOpStorageClass.html 489,1879 684,1903
rect $classSgExpressionStorageClass.html 7,943 191,967
