base referer
rect $classSgAsmStmt.html 480,5 576,32
rect $classSgAttributeSpecificationStatement.html 409,56 647,83
rect $classSgC__PreprocessorDirectiveStatement.html 399,107 657,133
rect $classSgClassDeclaration.html 456,157 600,184
rect $classSgClinkageDeclarationStatement.html 413,208 643,235
rect $classSgCommonBlock.html 463,259 593,285
rect $classSgContainsStatement.html 449,309 607,336
rect $classSgCtorInitializerList.html 457,360 599,387
rect $classSgEnumDeclaration.html 455,411 601,437
rect $classSgEquivalenceStatement.html 439,461 617,488
rect $classSgFormatStatement.html 455,512 601,539
rect $classSgFortranIncludeLine.html 452,563 604,589
rect $classSgFunctionDeclaration.html 447,613 609,640
rect $classSgFunctionParameterList.html 440,664 616,691
rect $classSgImplicitStatement.html 455,715 601,741
rect $classSgImportStatement.html 456,765 600,792
rect $classSgInterfaceStatement.html 448,816 608,843
rect $classSgJavaImportStatement.html 443,867 613,893
rect $classSgNamelistStatement.html 449,917 607,944
rect $classSgNamespaceAliasDeclarationStatement.html 387,968 669,995
rect $classSgNamespaceDeclarationStatement.html 403,1019 653,1045
rect $classSgOmpThreadprivateStatement.html 417,1069 639,1096
rect $classSgParameterStatement.html 444,1120 612,1147
rect $classSgPragmaDeclaration.html 449,1171 607,1197
rect $classSgStatementFunctionStatement.html 419,1221 637,1248
rect $classSgStmtDeclarationStatement.html 427,1272 629,1299
rect $classSgTemplateDeclaration.html 444,1323 612,1349
rect $classSgTemplateInstantiationDirectiveStatement.html 381,1373 675,1400
rect $classSgTypedefDeclaration.html 448,1424 608,1451
rect $classSgUseStatement.html 465,1475 591,1501
rect $classSgUsingDeclarationStatement.html 423,1525 633,1552
rect $classSgUsingDirectiveStatement.html 431,1576 625,1603
rect $classSgVariableDeclaration.html 448,1627 608,1653
rect $classSgVariableDefinition.html 455,1677 601,1704
rect $classSgStatement.html 7,841 108,868
