base referer
rect $classSgAssociateStatementStorageClass.html 535,7 772,31
rect $classSgBasicBlockStorageClass.html 561,55 745,79
rect $classSgBlockDataStatementStorageClass.html 533,103 773,127
rect $classSgCatchOptionStmtStorageClass.html 544,151 763,175
rect $classSgClassDefinitionStorageClass.html 551,199 756,223
rect $classSgDoWhileStmtStorageClass.html 556,247 751,271
rect $classSgForAllStatementStorageClass.html 547,295 760,319
rect $classSgForStatementStorageClass.html 555,343 752,367
rect $classSgFortranDoStorageClass.html 564,391 743,415
rect $classSgFunctionDefinitionStorageClass.html 541,439 765,463
rect $classSgGlobalStorageClass.html 576,487 731,511
rect $classSgIfStmtStorageClass.html 576,535 731,559
rect $classSgNamespaceDefinitionStatementStorageClass.html 501,583 805,607
rect $classSgSwitchStatementStorageClass.html 544,631 763,655
rect $classSgUpcForAllStatementStorageClass.html 535,679 772,703
rect $classSgWhileStmtStorageClass.html 564,727 743,751
rect $classSgStatementStorageClass.html 7,367 185,391
