base referer
rect $classSgAsmStmtStorageClass.html 621,7 795,31
rect $classSgAttributeSpecificationStatementStorageClass.html 556,55 860,79
rect $classSgC__PreprocessorDirectiveStatementStorageClass.html 545,103 871,127
rect $classSgClassDeclarationStorageClass.html 599,151 817,175
rect $classSgClinkageDeclarationStatementStorageClass.html 559,199 857,223
rect $classSgCommonBlockStorageClass.html 605,247 811,271
rect $classSgContainsStatementStorageClass.html 592,295 824,319
rect $classSgCtorInitializerListStorageClass.html 600,343 816,367
rect $classSgEnumDeclarationStorageClass.html 599,391 817,415
rect $classSgEquivalenceStatementStorageClass.html 583,439 833,463
rect $classSgFormatStatementStorageClass.html 597,487 819,511
rect $classSgFortranIncludeLineStorageClass.html 593,535 823,559
rect $classSgFunctionDeclarationStorageClass.html 591,583 825,607
rect $classSgFunctionParameterListStorageClass.html 583,631 833,655
rect $classSgImplicitStatementStorageClass.html 597,679 819,703
rect $classSgImportStatementStorageClass.html 600,727 816,751
rect $classSgInterfaceStatementStorageClass.html 592,775 824,799
rect $classSgNamelistStatementStorageClass.html 593,823 823,847
rect $classSgNamespaceAliasDeclarationStatementStorageClass.html 535,871 881,895
rect $classSgNamespaceDeclarationStatementStorageClass.html 549,919 867,943
rect $classSgParameterStatementStorageClass.html 588,967 828,991
rect $classSgPragmaDeclarationStorageClass.html 592,1015 824,1039
rect $classSgStatementFunctionStatementStorageClass.html 563,1063 853,1087
rect $classSgTemplateDeclarationStorageClass.html 588,1111 828,1135
rect $classSgTemplateInstantiationDirectiveStatementStorageClass.html 531,1159 885,1183
rect $classSgTypedefDeclarationStorageClass.html 592,1207 824,1231
rect $classSgUseStatementStorageClass.html 607,1255 809,1279
rect $classSgUsingDeclarationStatementStorageClass.html 568,1303 848,1327
rect $classSgUsingDirectiveStatementStorageClass.html 576,1351 840,1375
rect $classSgVariableDeclarationStorageClass.html 592,1399 824,1423
rect $classSgVariableDefinitionStorageClass.html 597,1447 819,1471
rect $classSgStatementStorageClass.html 7,727 185,751
