base referer
rect $classSgAsmDwarfAccessDeclarationStorageClass.html 608,7 899,31
rect $classSgAsmDwarfArrayTypeStorageClass.html 633,55 873,79
rect $classSgAsmDwarfBaseTypeStorageClass.html 635,103 872,127
rect $classSgAsmDwarfCatchBlockStorageClass.html 629,151 877,175
rect $classSgAsmDwarfClassTemplateStorageClass.html 620,199 887,223
rect $classSgAsmDwarfClassTypeStorageClass.html 633,247 873,271
rect $classSgAsmDwarfCommonBlockStorageClass.html 620,295 887,319
rect $classSgAsmDwarfCommonInclusionStorageClass.html 611,343 896,367
rect $classSgAsmDwarfCompilationUnitStorageClass.html 616,391 891,415
rect $classSgAsmDwarfConditionStorageClass.html 636,439 871,463
rect $classSgAsmDwarfConstantStorageClass.html 637,487 869,511
rect $classSgAsmDwarfConstTypeStorageClass.html 632,535 875,559
rect $classSgAsmDwarfDwarfProcedureStorageClass.html 616,583 891,607
rect $classSgAsmDwarfEntryPointStorageClass.html 632,631 875,655
rect $classSgAsmDwarfEnumerationTypeStorageClass.html 612,679 895,703
rect $classSgAsmDwarfEnumeratorStorageClass.html 628,727 879,751
rect $classSgAsmDwarfFileTypeStorageClass.html 639,775 868,799
rect $classSgAsmDwarfFormalParameterStorageClass.html 612,823 895,847
rect $classSgAsmDwarfFormatLabelStorageClass.html 627,871 880,895
rect $classSgAsmDwarfFriendStorageClass.html 645,919 861,943
rect $classSgAsmDwarfFunctionTemplateStorageClass.html 612,967 895,991
rect $classSgAsmDwarfImportedDeclarationStorageClass.html 604,1015 903,1039
rect $classSgAsmDwarfImportedModuleStorageClass.html 616,1063 891,1087
rect $classSgAsmDwarfImportedUnitStorageClass.html 625,1111 881,1135
rect $classSgAsmDwarfInheritanceStorageClass.html 631,1159 876,1183
rect $classSgAsmDwarfInlinedSubroutineStorageClass.html 612,1207 895,1231
rect $classSgAsmDwarfInterfaceTypeStorageClass.html 624,1255 883,1279
rect $classSgAsmDwarfLabelStorageClass.html 648,1303 859,1327
rect $classSgAsmDwarfLexicalBlockStorageClass.html 627,1351 880,1375
rect $classSgAsmDwarfMemberStorageClass.html 639,1399 868,1423
rect $classSgAsmDwarfModuleStorageClass.html 641,1447 865,1471
rect $classSgAsmDwarfMutableTypeStorageClass.html 625,1495 881,1519
rect $classSgAsmDwarfNamelistItemStorageClass.html 624,1543 883,1567
rect $classSgAsmDwarfNamelistStorageClass.html 637,1591 869,1615
rect $classSgAsmDwarfNamespaceStorageClass.html 628,1639 879,1663
rect $classSgAsmDwarfPackedTypeStorageClass.html 628,1687 879,1711
rect $classSgAsmDwarfPartialUnitStorageClass.html 633,1735 873,1759
rect $classSgAsmDwarfPointerTypeStorageClass.html 628,1783 879,1807
rect $classSgAsmDwarfPtrToMemberTypeStorageClass.html 609,1831 897,1855
rect $classSgAsmDwarfReferenceTypeStorageClass.html 619,1879 888,1903
rect $classSgAsmDwarfRestrictTypeStorageClass.html 627,1927 880,1951
rect $classSgAsmDwarfSetTypeStorageClass.html 640,1975 867,1999
rect $classSgAsmDwarfSharedTypeStorageClass.html 628,2023 879,2047
rect $classSgAsmDwarfStringTypeStorageClass.html 632,2071 875,2095
rect $classSgAsmDwarfStructureTypeStorageClass.html 623,2119 884,2143
rect $classSgAsmDwarfSubprogramStorageClass.html 627,2167 880,2191
rect $classSgAsmDwarfSubrangeTypeStorageClass.html 620,2215 887,2239
rect $classSgAsmDwarfSubroutineTypeStorageClass.html 617,2263 889,2287
rect $classSgAsmDwarfTemplateTypeParameterStorageClass.html 592,2311 915,2335
rect $classSgAsmDwarfTemplateValueParameterStorageClass.html 589,2359 917,2383
rect $classSgAsmDwarfThrownTypeStorageClass.html 628,2407 879,2431
rect $classSgAsmDwarfTryBlockStorageClass.html 639,2455 868,2479
rect $classSgAsmDwarfTypedefStorageClass.html 640,2503 867,2527
rect $classSgAsmDwarfUnionTypeStorageClass.html 633,2551 873,2575
rect $classSgAsmDwarfUnknownConstructStorageClass.html 607,2599 900,2623
rect $classSgAsmDwarfUnspecifiedParametersStorageClass.html 595,2647 912,2671
rect $classSgAsmDwarfUnspecifiedTypeStorageClass.html 615,2695 892,2719
rect $classSgAsmDwarfUpcRelaxedTypeStorageClass.html 613,2743 893,2767
rect $classSgAsmDwarfUpcSharedTypeStorageClass.html 616,2791 891,2815
rect $classSgAsmDwarfUpcStrictTypeStorageClass.html 623,2839 884,2863
rect $classSgAsmDwarfVariableStorageClass.html 640,2887 867,2911
rect $classSgAsmDwarfVariantPartStorageClass.html 631,2935 876,2959
rect $classSgAsmDwarfVariantStorageClass.html 643,2983 864,3007
rect $classSgAsmDwarfVolatileTypeStorageClass.html 628,3031 879,3055
rect $classSgAsmDwarfWithStmtStorageClass.html 636,3079 871,3103
rect $classSgAsmDwarfInformationStorageClass.html 8,1543 253,1567
