base referer
rect $classSgAllocateStatementStorageClass.html 500,7 727,31
rect $classSgArithmeticIfStatementStorageClass.html 491,55 736,79
rect $classSgAssignedGotoStatementStorageClass.html 483,103 744,127
rect $classSgAssignStatementStorageClass.html 504,151 723,175
rect $classSgBreakStmtStorageClass.html 523,199 704,223
rect $classSgCaseOptionStmtStorageClass.html 506,247 722,271
rect $classSgCatchStatementSeqStorageClass.html 495,295 732,319
rect $classSgComputedGotoStatementStorageClass.html 479,343 748,367
rect $classSgContinueStmtStorageClass.html 514,391 714,415
rect $classSgDeallocateStatementStorageClass.html 494,439 734,463
rect $classSgDeclarationStatementStorageClass.html 491,487 736,511
rect $classSgDefaultOptionStmtStorageClass.html 500,535 727,559
rect $classSgElseWhereStatementStorageClass.html 492,583 735,607
rect $classSgExprStatementStorageClass.html 511,631 716,655
rect $classSgForInitStatementStorageClass.html 506,679 722,703
rect $classSgFunctionTypeTableStorageClass.html 500,727 727,751
rect $classSgGotoStatementStorageClass.html 510,775 718,799
rect $classSgIOStatementStorageClass.html 518,823 710,847
rect $classSgLabelStatementStorageClass.html 508,871 719,895
rect $classSgNullifyStatementStorageClass.html 506,919 722,943
rect $classSgNullStatementStorageClass.html 512,967 715,991
rect $classSgReturnStmtStorageClass.html 520,1015 707,1039
rect $classSgScopeStatementStorageClass.html 506,1063 722,1087
rect $classSgSequenceStatementStorageClass.html 495,1111 732,1135
rect $classSgSpawnStmtStorageClass.html 520,1159 707,1183
rect $classSgStopOrPauseStatementStorageClass.html 484,1207 743,1231
rect $classSgTryStmtStorageClass.html 532,1255 695,1279
rect $classSgUpcBarrierStatementStorageClass.html 492,1303 735,1327
rect $classSgUpcFenceStatementStorageClass.html 494,1351 734,1375
rect $classSgUpcNotifyStatementStorageClass.html 495,1399 732,1423
rect $classSgUpcWaitStatementStorageClass.html 499,1447 728,1471
rect $classSgVariantStatementStorageClass.html 503,1495 724,1519
rect $classSgWhereStatementStorageClass.html 504,1543 723,1567
rect $classSgLocatedNodeStorageClass.html 7,775 204,799
