base referer
rect $classSgAsmx86ArithmeticInstructionStorageClass.html 694,7 982,31
rect $classSgAsmx86BswapStorageClass.html 735,55 940,79
rect $classSgAsmx86CbwStorageClass.html 742,103 934,127
rect $classSgAsmx86ConditionalDataTransferInstructionStorageClass.html 652,151 1023,175
rect $classSgAsmx86ConditionalFlagDataTransferInstructionStorageClass.html 640,199 1035,223
rect $classSgAsmx86CwdStorageClass.html 742,247 934,271
rect $classSgAsmx86MovapsStorageClass.html 731,295 944,319
rect $classSgAsmx86MovdquStorageClass.html 731,343 944,367
rect $classSgAsmx86MovlpdStorageClass.html 734,391 942,415
rect $classSgAsmx86MovntqStorageClass.html 732,439 943,463
rect $classSgAsmx86MovStorageClass.html 742,487 934,511
rect $classSgAsmx86MovsxStorageClass.html 735,535 940,559
rect $classSgAsmx86MovzxStorageClass.html 735,583 940,607
rect $classSgAsmx86PopaStorageClass.html 739,631 936,655
rect $classSgAsmx86PopStorageClass.html 743,679 932,703
rect $classSgAsmx86PushaStorageClass.html 736,727 939,751
rect $classSgAsmx86PushStorageClass.html 739,775 936,799
rect $classSgAsmx86XaddStorageClass.html 739,823 936,847
rect $classSgAsmx86XchgStorageClass.html 739,871 936,895
rect $classSgAsmx86InstructionStorageClass.html 8,439 235,463
