base referer
rect $classSgAsmCoffSymbolTableStorageClass.html 639,7 884,31
rect $classSgAsmElfSectionStorageClass.html 659,55 864,79
rect $classSgAsmElfSectionTableStorageClass.html 644,103 879,127
rect $classSgAsmElfSegmentTableStorageClass.html 639,151 884,175
rect $classSgAsmGenericHeaderStorageClass.html 644,199 879,223
rect $classSgAsmLEEntryTableStorageClass.html 650,247 874,271
rect $classSgAsmLENameTableStorageClass.html 647,295 876,319
rect $classSgAsmLEPageTableStorageClass.html 650,343 874,367
rect $classSgAsmLERelocTableStorageClass.html 648,391 875,415
rect $classSgAsmLESectionStorageClass.html 659,439 864,463
rect $classSgAsmLESectionTableStorageClass.html 644,487 879,511
rect $classSgAsmNEEntryTableStorageClass.html 648,535 875,559
rect $classSgAsmNEExtendedDOSHeaderStorageClass.html 616,583 907,607
rect $classSgAsmNEModuleTableStorageClass.html 643,631 880,655
rect $classSgAsmNENameTableStorageClass.html 647,679 876,703
rect $classSgAsmNERelocTableStorageClass.html 647,727 876,751
rect $classSgAsmNESectionStorageClass.html 658,775 866,799
rect $classSgAsmNESectionTableStorageClass.html 643,823 880,847
rect $classSgAsmNEStringTableStorageClass.html 647,871 876,895
rect $classSgAsmPEExtendedDOSHeaderStorageClass.html 616,919 907,943
rect $classSgAsmPESectionStorageClass.html 658,967 866,991
rect $classSgAsmPESectionTableStorageClass.html 643,1015 880,1039
rect $classSgAsmExecutableFileFormatStorageClass.html 7,511 282,535
