base referer
rect $classSgAsmx86SetaeStorageClass.html 787,7 987,31
rect $classSgAsmx86SetaStorageClass.html 790,55 984,79
rect $classSgAsmx86SetbeStorageClass.html 787,103 987,127
rect $classSgAsmx86SetbStorageClass.html 790,151 984,175
rect $classSgAsmx86SeteStorageClass.html 790,199 984,223
rect $classSgAsmx86SetgeStorageClass.html 787,247 987,271
rect $classSgAsmx86SetgStorageClass.html 790,295 984,319
rect $classSgAsmx86SetleStorageClass.html 788,343 986,367
rect $classSgAsmx86SetlStorageClass.html 792,391 982,415
rect $classSgAsmx86SetneStorageClass.html 787,439 987,463
rect $classSgAsmx86SetnoStorageClass.html 787,487 987,511
rect $classSgAsmx86SetnsStorageClass.html 787,535 987,559
rect $classSgAsmx86SetoStorageClass.html 790,583 984,607
rect $classSgAsmx86SetpeStorageClass.html 787,631 987,655
rect $classSgAsmx86SetpoStorageClass.html 787,679 987,703
rect $classSgAsmx86SetsStorageClass.html 791,727 983,751
rect $classSgAsmx86TestStorageClass.html 791,775 983,799
rect $classSgAsmx86BitAndByteInstructionStorageClass.html 8,391 302,415
