base referer
rect $classAnalysis.html 5,613 80,640
rect $classInterProceduralAnalysis.html 129,664 297,691
rect $classIntraProceduralAnalysis.html 129,563 297,589
rect $classInterProceduralDataflow.html 440,664 613,691
rect $classUnstructuredPassInterAnalysis.html 421,715 632,741
rect $classContextInsensitiveInterProceduralDataflow.html 755,765 1045,792
rect $classUnstructuredPassInterDataflow.html 792,664 1008,691
rect $classIntraProceduralDataflow.html 440,563 613,589
rect $classPartitionedAnalysis.html 457,613 596,640
rect $classSaveDotAnalysis.html 463,259 591,285
rect $classUnstructuredPassIntraAnalysis.html 421,309 632,336
rect $classIntraPartitionDataflow.html 823,613 977,640
rect $classIntraUnitDataflow.html 835,563 965,589
rect $classIntraPartitionFWDataflow.html 1103,613 1279,640
rect $classIntraUniDirectionalDataflow.html 1093,563 1288,589
rect $classIntraBWDataflow.html 1337,537 1463,564
rect $classIntraFWDataflow.html 1337,664 1463,691
rect $classLiveDeadVarsAnalysis.html 1512,461 1675,488
rect $classConstrGraphAnalysis.html 1516,563 1671,589
rect $classDivAnalysis.html 1545,613 1641,640
rect $classDominatorAnalysis.html 1523,664 1664,691
rect $classnodeConstAnalysis.html 1521,715 1665,741
rect $classprintDataflowInfoPass.html 1513,765 1673,792
rect $classSeqStructAnalysis.html 1525,816 1661,843
rect $classSgnAnalysis.html 1544,867 1643,893
rect $classTaintAnalysis.html 1543,512 1644,539
rect $classaffineInequalitiesPlacer.html 816,259 984,285
rect $classdeleteDFAnalysisState.html 820,309 980,336
rect $classFindAllFunctionCalls.html 828,360 972,387
rect $classFindAllNodesAnalysis.html 823,411 977,437
rect $classInitDataflowState.html 836,461 964,488
rect $classIntArithLogicalPlacer.html 825,512 975,539
rect $classMergeAllReturnStates.html 823,5 977,32
rect $classpartitionDFAnalysisState.html 813,56 987,83
rect $classplaceUniqueIDs.html 840,107 960,133
rect $classprintAnalysisStates.html 829,157 971,184
rect $classunionDFAnalysisStatePartitions.html 793,208 1007,235
rect $classTraverseCallGraph.html 144,841 283,868
rect $classTraverseCallGraphBottomUp.html 347,867 707,893
rect $classTraverseCallGraphDataflow.html 429,816 624,843
rect $classTraverseCallGraphTopDown.html 360,765 693,792
rect $classTraverseCallGraphUnordered.html 424,917 629,944
rect $classCollectFunctions.html 837,917 963,944
