base referer
rect $classAstSharedMemoryParallelProcessingSynchronizationBase.html 1693,837 2077,864
rect $classAstSharedMemoryParallelizableBottomUpProcessing.html 2356,883 2897,909
rect $classAstSharedMemoryParallelizablePrePostProcessing.html 2460,945 2793,972
rect $classAstSharedMemoryParallelizableSimpleProcessing.html 2460,761 2793,788
rect $classAstSharedMemoryParallelizableTopDownBottomUpProcessing.html 2252,1021 3001,1048
rect $classAstSharedMemoryParallelizableTopDownProcessing.html 2368,825 2885,852
rect $classSgTreeTraversal.html 115,724 576,751
rect $classAstBottomUpProcessing.html 945,1243 1308,1269
rect $classAstBottomUpProcessing.html 969,407 1284,433
rect $classAstBottomUpProcessing.html 857,1344 1396,1371
rect $classAstBottomUpProcessing.html 955,255 1299,281
rect $classAstBottomUpProcessing.html 916,305 1337,332
rect $classAstBottomUpProcessing.html 932,356 1321,383
rect $classAstBottomUpProcessing.html 891,1053 1363,1080
rect $classAstPrePostProcessing.html 1049,1293 1204,1320
rect $classAstSimpleProcessing.html 1051,457 1203,484
rect $classAstTopDownBottomUpProcessing.html 843,775 1411,801
rect $classAstTopDownProcessing.html 959,964 1295,991
rect $classAstTopDownProcessing.html 904,711 1349,737
rect $classAstReverseBranchSynProcessing.html 1675,1445 2096,1472
rect $classAstReversePrefixSynProcessing.html 1679,1141 2092,1168
rect $classLibraryIdentification_1_1FlattenAST__AndResetImmediateValues.html 1685,1192 2085,1219
rect $classSgBottomUpProcessing.html 1707,1243 2064,1269
rect $classssa__private_1_1DefsAndUsesTraversal.html 1761,1293 2009,1320
rect $classssa__private_1_1UniqueNameTraversal.html 1763,1344 2008,1371
rect $classssa__unfiltered__cfg_1_1DefsAndUsesTraversal.html 1740,1395 2031,1421
rect $classSgBottomUpProcessing.html 1731,27 2040,53
rect $classAstNodePtrs.html 2579,27 2675,53
rect $classAstCombinedBottomUpProcessing.html 1672,1091 2099,1117
rect $classAstSharedMemoryParallelBottomUpProcessing.html 2375,1091 2879,1117
rect $classAstCombinedPrePostProcessing.html 1775,1496 1996,1523
rect $classAstSharedMemoryParallelPrePostProcessing.html 2479,1496 2775,1523
rect $classAstCombinedSimpleProcessing.html 1776,635 1995,661
rect $classAstReverseBranchSimpleProcessing.html 1760,77 2011,104
rect $classAstReversePrefixSimpleProcessing.html 1765,128 2005,155
rect $classBinaryAnalysis_1_1ControlFlow_1_1VertexInserter.html 1665,179 2105,205
rect $classLibraryIdentification_1_1FlattenAST.html 1773,229 1997,256
rect $classOmpSupport_1_1SgVarRefExpVisitor.html 1768,280 2003,307
rect $classOmpSupport_1_1translationDriver.html 1777,331 1993,357
rect $classRoseBin__CompareAnalysis.html 1789,432 1981,459
rect $classRoseBin__FlowAnalysis.html 1805,381 1965,408
rect $classRoseBin__printInstructions.html 1796,533 1975,560
rect $classSageInterface_1_1OutputLocalSymbolTables.html 1743,584 2028,611
rect $classSgSimpleProcessing.html 1811,483 1960,509
rect $classAstSharedMemoryParallelSimpleProcessing.html 2480,635 2773,661
rect $classRoseBin__CallGraphAnalysis.html 2529,331 2724,357
rect $classRoseBin__ControlFlowAnalysis.html 2524,381 2729,408
rect $classRoseBin__DataFlowAnalysis.html 2532,432 2721,459
rect $classAstNodeVisitMapping.html 2551,483 2703,509
rect $classAstTextAttributesHandling.html 2536,533 2717,560
rect $classAstReverseBranchInhSynProcessing.html 1591,888 2180,915
rect $classAstReversePrefixInhSynProcessing.html 1596,736 2175,763
rect $classSgTopDownBottomUpProcessing.html 1603,787 2168,813
rect $classAstReverseBranchInhProcessing.html 1688,939 2083,965
rect $classAstReversePrefixInhProcessing.html 1693,989 2077,1016
rect $classSgTopDownProcessing.html 1720,1040 2051,1067
rect $classAstCombinedTopDownProcessing.html 1684,685 2087,712
rect $classAstSharedMemoryParallelTopDownProcessing.html 2388,685 2865,712
rect $classSgTreeTraversal.html 7,1572 684,1599
rect $classAstTopDownBottomUpProcessing.html 733,1547 1520,1573
rect $classSgCombinedTreeTraversal.html 864,1597 1389,1624
rect $classAstCombinedTopDownBottomUpProcessing.html 1568,1547 2203,1573
rect $classAstSharedMemoryParallelTopDownBottomUpProcessing.html 2272,1547 2981,1573
