base referer
rect $classSgAliasSymbolStorageClass.html 441,7 633,31
rect $classSgClassSymbolStorageClass.html 440,55 635,79
rect $classSgCommonSymbolStorageClass.html 429,103 645,127
rect $classSgDefaultSymbolStorageClass.html 435,151 640,175
rect $classSgEnumFieldSymbolStorageClass.html 424,199 651,223
rect $classSgEnumSymbolStorageClass.html 439,247 636,271
rect $classSgFunctionSymbolStorageClass.html 431,295 644,319
rect $classSgFunctionTypeSymbolStorageClass.html 417,343 657,367
rect $classSgInterfaceSymbolStorageClass.html 431,391 644,415
rect $classSgIntrinsicSymbolStorageClass.html 433,439 641,463
rect $classSgLabelSymbolStorageClass.html 440,487 635,511
rect $classSgModuleSymbolStorageClass.html 435,535 640,559
rect $classSgNamespaceSymbolStorageClass.html 420,583 655,607
rect $classSgTemplateSymbolStorageClass.html 429,631 645,655
rect $classSgTypedefSymbolStorageClass.html 433,679 641,703
rect $classSgVariableSymbolStorageClass.html 432,727 643,751
rect $classSgNodeStorageClass.html 8,367 157,391
