base referer
rect $classSgDeadIfDirectiveStatement.html 553,5 753,32
rect $classSgDefineDirectiveStatement.html 553,56 753,83
rect $classSgElseDirectiveStatement.html 561,107 745,133
rect $classSgElseifDirectiveStatement.html 557,157 749,184
rect $classSgEmptyDirectiveStatement.html 553,208 753,235
rect $classSgEndifDirectiveStatement.html 559,259 748,285
rect $classSgErrorDirectiveStatement.html 559,309 748,336
rect $classSgIdentDirectiveStatement.html 559,360 748,387
rect $classSgIfdefDirectiveStatement.html 560,411 747,437
rect $classSgIfDirectiveStatement.html 571,461 736,488
rect $classSgIfndefDirectiveStatement.html 556,512 751,539
rect $classSgIncludeDirectiveStatement.html 551,563 756,589
rect $classSgIncludeNextDirectiveStatement.html 537,613 769,640
rect $classSgLineDirectiveStatement.html 561,664 745,691
rect $classSgLinemarkerDirectiveStatement.html 539,715 768,741
rect $classSgUndefDirectiveStatement.html 555,765 752,792
rect $classSgWarningDirectiveStatement.html 548,816 759,843
rect $classSgDeclarationStatement.html 5,411 181,437
