base referer
rect $classSgAsmx86AaaStorageClass.html 711,7 900,31
rect $classSgAsmx86AadStorageClass.html 711,55 900,79
rect $classSgAsmx86AamStorageClass.html 708,103 903,127
rect $classSgAsmx86AasStorageClass.html 711,151 900,175
rect $classSgAsmx86AdcStorageClass.html 711,199 900,223
rect $classSgAsmx86AddStorageClass.html 711,247 900,271
rect $classSgAsmx86CmpStorageClass.html 708,295 903,319
rect $classSgAsmx86DaaStorageClass.html 711,343 900,367
rect $classSgAsmx86DasStorageClass.html 711,391 900,415
rect $classSgAsmx86DecStorageClass.html 711,439 900,463
rect $classSgAsmx86DivStorageClass.html 712,487 899,511
rect $classSgAsmx86IDivStorageClass.html 711,535 900,559
rect $classSgAsmx86IMulStorageClass.html 709,583 901,607
rect $classSgAsmx86IncStorageClass.html 713,631 897,655
rect $classSgAsmx86MulStorageClass.html 712,679 899,703
rect $classSgAsmx86NegStorageClass.html 711,727 900,751
rect $classSgAsmx86PaddStorageClass.html 707,775 904,799
rect $classSgAsmx86PaddusStorageClass.html 700,823 911,847
rect $classSgAsmx86PcmpeqStorageClass.html 697,871 913,895
rect $classSgAsmx86PsubStorageClass.html 707,919 904,943
rect $classSgAsmx86PsubusStorageClass.html 700,967 911,991
rect $classSgAsmx86SbbStorageClass.html 711,1015 900,1039
rect $classSgAsmx86SubStorageClass.html 711,1063 900,1087
rect $classSgAsmx86DataTransferInstructionStorageClass.html 8,535 312,559
