base referer
rect $classSgAsmCoffSymbolTable.html 484,5 657,32
rect $classSgAsmDOSExtendedHeader.html 471,56 671,83
rect $classSgAsmElfSection.html 507,107 635,133
rect $classSgAsmElfSectionTable.html 489,157 652,184
rect $classSgAsmElfSegmentTable.html 485,208 656,235
rect $classSgAsmGenericHeader.html 489,259 652,285
rect $classSgAsmLEEntryTable.html 497,309 644,336
rect $classSgAsmLENameTable.html 495,360 647,387
rect $classSgAsmLEPageTable.html 497,411 644,437
rect $classSgAsmLERelocTable.html 496,461 645,488
rect $classSgAsmLESection.html 507,512 635,539
rect $classSgAsmLESectionTable.html 491,563 651,589
rect $classSgAsmNEEntryTable.html 496,613 645,640
rect $classSgAsmNEModuleTable.html 489,664 652,691
rect $classSgAsmNENameTable.html 493,715 648,741
rect $classSgAsmNERelocTable.html 495,765 647,792
rect $classSgAsmNESection.html 505,816 636,843
rect $classSgAsmNESectionTable.html 489,867 652,893
rect $classSgAsmNEStringTable.html 495,917 647,944
rect $classSgAsmPESection.html 507,968 635,995
rect $classSgAsmPESectionTable.html 491,1019 651,1045
rect $classSgAsmExecutableFileFormat.html 5,512 208,539
