base referer
rect $classSgAsmx86CMovaeStorageClass.html 807,7 1023,31
rect $classSgAsmx86CMovaStorageClass.html 811,55 1019,79
rect $classSgAsmx86CMovbeStorageClass.html 807,103 1023,127
rect $classSgAsmx86CMovbStorageClass.html 811,151 1019,175
rect $classSgAsmx86CMovcStorageClass.html 811,199 1019,223
rect $classSgAsmx86CMoveStorageClass.html 811,247 1019,271
rect $classSgAsmx86CMovgeStorageClass.html 807,295 1023,319
rect $classSgAsmx86CMovgStorageClass.html 811,343 1019,367
rect $classSgAsmx86CMovleStorageClass.html 809,391 1020,415
rect $classSgAsmx86CMovlStorageClass.html 813,439 1016,463
rect $classSgAsmx86CMovncStorageClass.html 807,487 1023,511
rect $classSgAsmx86CMovneStorageClass.html 807,535 1023,559
rect $classSgAsmx86CMovnoStorageClass.html 807,583 1023,607
rect $classSgAsmx86CMovnpStorageClass.html 807,631 1023,655
rect $classSgAsmx86CMovnsStorageClass.html 807,679 1023,703
rect $classSgAsmx86CMovoStorageClass.html 811,727 1019,751
rect $classSgAsmx86CMovpStorageClass.html 811,775 1019,799
rect $classSgAsmx86CMovsStorageClass.html 811,823 1019,847
rect $classSgAsmx86DataTransferInstructionStorageClass.html 8,415 312,439
