base referer
rect $classAsmUnparser_1_1StaticDataDisassembler.html 820,1119 1089,1145
rect $classAsmUnparser_1_1FunctionReasons.html 36,29 263,56
rect $classAsmUnparser_1_1StaticDataSkipBackEnd.html 17,80 281,107
rect $classAsmUnparser_1_1BasicBlockLineTermination.html 7,131 292,157
rect $classAsmUnparser_1_1StaticDataLineTermination.html 8,181 291,208
rect $classAsmUnparser_1_1StaticDataBlockSeparation.html 7,232 292,259
rect $classAsmUnparser_1_1StaticDataSkipBackBegin.html 12,283 287,309
rect $classAsmUnparser_1_1InsnAddress.html 52,333 247,360
rect $classAsmUnparser_1_1StaticDataDetails.html 36,384 263,411
rect $classAsmUnparser_1_1BasicBlockCleanup.html 29,435 269,461
rect $classAsmUnparser_1_1BasicBlockReasons.html 29,485 269,512
rect $classAsmUnparser_1_1FunctionBody.html 48,536 251,563
rect $classAsmUnparser_1_1FunctionName.html 45,587 253,613
rect $classAsmUnparser_1_1FunctionEntryAddress.html 21,637 277,664
rect $classAsmUnparser_1_1BasicBlockNoopWarning.html 15,688 284,715
rect $structAsmUnparser_1_1SkipBack.html 61,739 237,765
rect $classAsmUnparser_1_1StaticDataComment.html 25,789 273,816
rect $classAsmUnparser_1_1StaticDataBlockEntry.html 24,840 275,867
rect $classAsmUnparser_1_1InsnSkipBackBegin.html 32,891 267,917
rect $classAsmUnparser_1_1DataBlockBody.html 43,941 256,968
rect $classAsmUnparser_1_1BasicBlockPredecessors.html 13,992 285,1019
rect $classAsmUnparser_1_1InsnNoEffect.html 49,1043 249,1069
rect $classAsmUnparser_1_1FunctionComment.html 32,1093 267,1120
rect $classAsmUnparser_1_1DataBlockLineTermination.html 8,1144 291,1171
rect $classAsmUnparser_1_1BasicBlockNoopUpdater.html 15,1195 284,1221
rect $classAsmUnparser_1_1InterpBody.html 56,1245 243,1272
rect $classAsmUnparser_1_1FunctionAttributes.html 33,1296 265,1323
rect $classAsmUnparser_1_1InsnBody.html 61,1347 237,1373
rect $structAsmUnparser_1_1LinePrefix.html 60,1397 239,1424
rect $classAsmUnparser_1_1FunctionLineTermination.html 13,1448 285,1475
rect $classAsmUnparser_1_1StaticDataRawBytes.html 27,1499 272,1525
rect $classAsmUnparser_1_1InsnLineTermination.html 28,1549 271,1576
rect $classAsmUnparser_1_1InsnComment.html 45,1600 253,1627
rect $classAsmUnparser_1_1InsnBlockEntry.html 44,1651 255,1677
rect $classAsmUnparser_1_1InsnBlockSeparation.html 27,1701 272,1728
rect $structAsmUnparser_1_1CallbackLists.html 49,1803 249,1829
rect $classAsmUnparser_1_1InterpName.html 53,1853 245,1880
rect $classAsmUnparser_1_1FunctionSeparator.html 33,1904 265,1931
rect $classAsmUnparser_1_1BasicBlockSuccessors.html 20,1955 279,1981
rect $classAsmUnparser_1_1BasicBlockBody.html 40,2005 259,2032
rect $classAsmUnparser_1_1InsnSkipBackEnd.html 37,2056 261,2083
rect $classAsmUnparser_1_1InsnFuncEntry.html 45,2107 253,2133
rect $classAsmUnparser_1_1FunctionSuccessors.html 27,2157 272,2184
rect $classAsmUnparser_1_1FunctionPredecessors.html 21,2208 277,2235
rect $classAsmUnparser_1_1InsnRawBytes.html 45,2259 253,2285
