base referer
rect $classSgAsmDwarfAccessDeclaration.html 469,5 693,32
rect $classSgAsmDwarfArrayType.html 496,56 667,83
rect $classSgAsmDwarfBaseType.html 497,107 665,133
rect $classSgAsmDwarfCatchBlock.html 493,157 669,184
rect $classSgAsmDwarfClassTemplate.html 483,208 680,235
rect $classSgAsmDwarfClassType.html 496,259 667,285
rect $classSgAsmDwarfCommonBlock.html 481,309 681,336
rect $classSgAsmDwarfCommonInclusion.html 471,360 692,387
rect $classSgAsmDwarfCompilationUnit.html 479,411 684,437
rect $classSgAsmDwarfCondition.html 499,461 664,488
rect $classSgAsmDwarfConstant.html 500,512 663,539
rect $classSgAsmDwarfConstType.html 496,563 667,589
rect $classSgAsmDwarfDwarfProcedure.html 477,613 685,640
rect $classSgAsmDwarfEntryPoint.html 497,664 665,691
rect $classSgAsmDwarfEnumerationType.html 473,715 689,741
rect $classSgAsmDwarfEnumerator.html 492,765 671,792
rect $classSgAsmDwarfFileType.html 503,816 660,843
rect $classSgAsmDwarfFormalParameter.html 475,867 688,893
rect $classSgAsmDwarfFormatLabel.html 489,917 673,944
rect $classSgAsmDwarfFriend.html 509,968 653,995
rect $classSgAsmDwarfFunctionTemplate.html 473,1019 689,1045
rect $classSgAsmDwarfImportedDeclaration.html 464,1069 699,1096
rect $classSgAsmDwarfImportedModule.html 477,1120 685,1147
rect $classSgAsmDwarfImportedUnit.html 488,1171 675,1197
rect $classSgAsmDwarfInheritance.html 493,1221 669,1248
rect $classSgAsmDwarfInlinedSubroutine.html 475,1272 688,1299
rect $classSgAsmDwarfInterfaceType.html 485,1323 677,1349
rect $classSgAsmDwarfLabel.html 512,1373 651,1400
rect $classSgAsmDwarfLexicalBlock.html 489,1424 673,1451
rect $classSgAsmDwarfMember.html 503,1475 660,1501
rect $classSgAsmDwarfModule.html 507,1525 656,1552
rect $classSgAsmDwarfMutableType.html 489,1576 673,1603
rect $classSgAsmDwarfNamelist.html 501,1627 661,1653
rect $classSgAsmDwarfNamelistItem.html 488,1677 675,1704
rect $classSgAsmDwarfNamespace.html 491,1728 672,1755
rect $classSgAsmDwarfPackedType.html 492,1779 671,1805
rect $classSgAsmDwarfPartialUnit.html 499,1829 664,1856
rect $classSgAsmDwarfPointerType.html 493,1880 669,1907
rect $classSgAsmDwarfPtrToMemberType.html 472,1931 691,1957
rect $classSgAsmDwarfReferenceType.html 480,1981 683,2008
rect $classSgAsmDwarfRestrictType.html 491,2032 672,2059
rect $classSgAsmDwarfSetType.html 504,2083 659,2109
rect $classSgAsmDwarfSharedType.html 492,2133 671,2160
rect $classSgAsmDwarfStringType.html 496,2184 667,2211
rect $classSgAsmDwarfStructureType.html 484,2235 679,2261
rect $classSgAsmDwarfSubprogram.html 489,2285 673,2312
rect $classSgAsmDwarfSubrangeType.html 483,2336 680,2363
rect $classSgAsmDwarfSubroutineType.html 480,2387 683,2413
rect $classSgAsmDwarfTemplateTypeParameter.html 451,2437 712,2464
rect $classSgAsmDwarfTemplateValueParameter.html 449,2488 713,2515
rect $classSgAsmDwarfThrownType.html 489,2539 673,2565
rect $classSgAsmDwarfTryBlock.html 503,2589 660,2616
rect $classSgAsmDwarfTypedef.html 504,2640 659,2667
rect $classSgAsmDwarfUnionType.html 496,2691 667,2717
rect $classSgAsmDwarfUnknownConstruct.html 468,2741 695,2768
rect $classSgAsmDwarfUnspecifiedParameters.html 455,2792 708,2819
rect $classSgAsmDwarfUnspecifiedType.html 476,2843 687,2869
rect $classSgAsmDwarfUpcRelaxedType.html 476,2893 687,2920
rect $classSgAsmDwarfUpcSharedType.html 479,2944 684,2971
rect $classSgAsmDwarfUpcStrictType.html 485,2995 677,3021
rect $classSgAsmDwarfVariable.html 504,3045 659,3072
rect $classSgAsmDwarfVariant.html 507,3096 656,3123
rect $classSgAsmDwarfVariantPart.html 495,3147 668,3173
rect $classSgAsmDwarfVolatileType.html 491,3197 672,3224
rect $classSgAsmDwarfWithStmt.html 500,3248 663,3275
rect $classSgAsmDwarfInformation.html 5,1627 184,1653
