base referer
rect $classSgActualArgumentExpressionStorageClass.html 511,7 791,31
rect $classSgAsmOpStorageClass.html 569,55 732,79
rect $classSgAsteriskShapeExpStorageClass.html 537,103 764,127
rect $classSgBinaryOpStorageClass.html 564,151 737,175
rect $classSgClassNameRefExpStorageClass.html 536,199 765,223
rect $classSgColonShapeExpStorageClass.html 544,247 757,271
rect $classSgConditionalExpStorageClass.html 547,295 755,319
rect $classSgDeleteExpStorageClass.html 561,343 740,367
rect $classSgExprListExpStorageClass.html 556,391 745,415
rect $classSgFunctionCallExpStorageClass.html 544,439 757,463
rect $classSgFunctionRefExpStorageClass.html 544,487 757,511
rect $classSgImpliedDoStorageClass.html 561,535 740,559
rect $classSgInitializerStorageClass.html 565,583 736,607
rect $classSgIOItemExpressionStorageClass.html 539,631 763,655
rect $classSgLabelRefExpStorageClass.html 553,679 748,703
rect $classSgMemberFunctionRefExpStorageClass.html 520,727 781,751
rect $classSgNewExpStorageClass.html 567,775 735,799
rect $classSgNullExpressionStorageClass.html 548,823 753,847
rect $classSgRefExpStorageClass.html 569,871 732,895
rect $classSgSizeOfOpStorageClass.html 563,919 739,943
rect $classSgStatementExpressionStorageClass.html 528,967 773,991
rect $classSgSubscriptExpressionStorageClass.html 531,1015 771,1039
rect $classSgThisExpStorageClass.html 568,1063 733,1087
rect $classSgTypeIdOpStorageClass.html 563,1111 739,1135
rect $classSgUnaryOpStorageClass.html 565,1159 736,1183
rect $classSgUnknownArrayOrFunctionReferenceStorageClass.html 485,1207 816,1231
rect $classSgUpcBlocksizeofExpressionStorageClass.html 513,1255 788,1279
rect $classSgUpcElemsizeofExpressionStorageClass.html 515,1303 787,1327
rect $classSgUpcLocalsizeofExpressionStorageClass.html 513,1351 788,1375
rect $classSgValueExpStorageClass.html 564,1399 737,1423
rect $classSgVarArgCopyOpStorageClass.html 547,1447 755,1471
rect $classSgVarArgEndOpStorageClass.html 551,1495 751,1519
rect $classSgVarArgOpStorageClass.html 563,1543 739,1567
rect $classSgVarArgStartOneOperandOpStorageClass.html 509,1591 792,1615
rect $classSgVarArgStartOpStorageClass.html 548,1639 753,1663
rect $classSgVariantExpressionStorageClass.html 537,1687 764,1711
rect $classSgVarRefExpStorageClass.html 560,1735 741,1759
rect $classSgLocatedNodeStorageClass.html 7,871 204,895
