base referer
rect $classSgAsmCoffSymbolList.html 443,5 605,32
rect $classSgAsmDwarfInformation.html 435,56 613,83
rect $classSgAsmElfDynamicEntry.html 437,107 611,133
rect $classSgAsmElfDynamicEntryList.html 427,157 621,184
rect $classSgAsmElfEHFrameEntryCI.html 431,208 617,235
rect $classSgAsmElfEHFrameEntryCIList.html 420,259 628,285
rect $classSgAsmElfEHFrameEntryFD.html 429,309 619,336
rect $classSgAsmElfEHFrameEntryFDList.html 419,360 629,387
rect $classSgAsmElfNoteEntry.html 452,411 596,437
rect $classSgAsmElfNoteEntryList.html 441,461 607,488
rect $classSgAsmElfRelocEntry.html 448,512 600,539
rect $classSgAsmElfRelocEntryList.html 439,563 609,589
rect $classSgAsmElfSectionTableEntry.html 427,613 621,640
rect $classSgAsmElfSegmentTableEntry.html 421,664 627,691
rect $classSgAsmElfSegmentTableEntryList.html 411,715 637,741
rect $classSgAsmElfSymbolList.html 448,765 600,792
rect $classSgAsmElfSymverDefinedAux.html 420,816 628,843
rect $classSgAsmElfSymverDefinedAuxList.html 411,867 637,893
rect $classSgAsmElfSymverDefinedEntry.html 416,917 632,944
rect $classSgAsmElfSymverDefinedEntryList.html 407,968 641,995
rect $classSgAsmElfSymverEntry.html 441,1019 607,1045
rect $classSgAsmElfSymverEntryList.html 431,1069 617,1096
rect $classSgAsmElfSymverNeededAux.html 421,1120 627,1147
rect $classSgAsmElfSymverNeededAuxList.html 411,1171 637,1197
rect $classSgAsmElfSymverNeededEntry.html 417,1221 631,1248
rect $classSgAsmElfSymverNeededEntryList.html 407,1272 641,1299
rect $classSgAsmGenericDLL.html 455,1323 593,1349
rect $classSgAsmGenericDLLList.html 444,1373 604,1400
rect $classSgAsmGenericFile.html 456,1424 592,1451
rect $classSgAsmGenericFormat.html 444,1475 604,1501
rect $classSgAsmGenericHeaderList.html 432,1525 616,1552
rect $classSgAsmGenericSection.html 443,1576 605,1603
rect $classSgAsmGenericSectionList.html 432,1627 616,1653
rect $classSgAsmGenericString.html 448,1677 600,1704
rect $classSgAsmGenericStrtab.html 448,1728 600,1755
rect $classSgAsmGenericSymbol.html 443,1779 605,1805
rect $classSgAsmGenericSymbolList.html 432,1829 616,1856
rect $classSgAsmLEEntryPoint.html 452,1880 596,1907
rect $classSgAsmLEPageTableEntry.html 435,1931 613,1957
rect $classSgAsmLESectionTableEntry.html 427,1981 621,2008
rect $classSgAsmNEEntryPoint.html 452,2032 596,2059
rect $classSgAsmNERelocEntry.html 448,2083 600,2109
rect $classSgAsmNESectionTableEntry.html 427,2133 621,2160
rect $classSgAsmPEExportDirectory.html 433,2184 615,2211
rect $classSgAsmPEExportEntry.html 447,2235 601,2261
rect $classSgAsmPEExportEntryList.html 436,2285 612,2312
rect $classSgAsmPEImportDirectory.html 433,2336 615,2363
rect $classSgAsmPEImportDirectoryList.html 423,2387 625,2413
rect $classSgAsmPEImportItem.html 449,2437 599,2464
rect $classSgAsmPEImportItemList.html 439,2488 609,2515
rect $classSgAsmPERVASizePair.html 445,2539 603,2565
rect $classSgAsmPERVASizePairList.html 436,2589 612,2616
rect $classSgAsmPESectionTableEntry.html 427,2640 621,2667
rect $classSgAsmStringStorage.html 448,2691 600,2717
rect $classSgAsmNode.html 7,1348 105,1375
