base referer
rect $classSgAsmCoffSymbolListStorageClass.html 588,7 823,31
rect $classSgAsmDwarfInformationStorageClass.html 583,55 828,79
rect $classSgAsmElfDynamicEntryListStorageClass.html 573,103 837,127
rect $classSgAsmElfDynamicEntryStorageClass.html 584,151 827,175
rect $classSgAsmElfRelaEntryListStorageClass.html 585,199 825,223
rect $classSgAsmElfRelaEntryStorageClass.html 596,247 815,271
rect $classSgAsmElfSectionTableEntryStorageClass.html 572,295 839,319
rect $classSgAsmElfSegmentTableEntryListStorageClass.html 556,343 855,367
rect $classSgAsmElfSegmentTableEntryStorageClass.html 567,391 844,415
rect $classSgAsmElfSymbolListStorageClass.html 592,439 819,463
rect $classSgAsmGenericDLLListStorageClass.html 587,487 824,511
rect $classSgAsmGenericDLLStorageClass.html 597,535 813,559
rect $classSgAsmGenericFileStorageClass.html 599,583 812,607
rect $classSgAsmGenericFormatStorageClass.html 589,631 821,655
rect $classSgAsmGenericHeaderListStorageClass.html 577,679 833,703
rect $classSgAsmGenericSectionListStorageClass.html 577,727 833,751
rect $classSgAsmGenericSectionStorageClass.html 588,775 823,799
rect $classSgAsmGenericStringStorageClass.html 592,823 819,847
rect $classSgAsmGenericStrtabStorageClass.html 592,871 819,895
rect $classSgAsmGenericSymbolListStorageClass.html 577,919 833,943
rect $classSgAsmGenericSymbolStorageClass.html 588,967 823,991
rect $classSgAsmLEEntryPointStorageClass.html 593,1015 817,1039
rect $classSgAsmLEPageTableEntryStorageClass.html 577,1063 833,1087
rect $classSgAsmLESectionTableEntryStorageClass.html 572,1111 839,1135
rect $classSgAsmNEEntryPointStorageClass.html 593,1159 817,1183
rect $classSgAsmNERelocEntryStorageClass.html 591,1207 820,1231
rect $classSgAsmNESectionTableEntryStorageClass.html 571,1255 840,1279
rect $classSgAsmPEExportDirectoryStorageClass.html 577,1303 833,1327
rect $classSgAsmPEExportEntryListStorageClass.html 579,1351 832,1375
rect $classSgAsmPEExportEntryStorageClass.html 588,1399 823,1423
rect $classSgAsmPEImportDirectoryListStorageClass.html 568,1447 843,1471
rect $classSgAsmPEImportDirectoryStorageClass.html 577,1495 833,1519
rect $classSgAsmPEImportHNTEntryListStorageClass.html 565,1543 845,1567
rect $classSgAsmPEImportHNTEntryStorageClass.html 576,1591 835,1615
rect $classSgAsmPEImportILTEntryListStorageClass.html 569,1639 841,1663
rect $classSgAsmPEImportILTEntryStorageClass.html 580,1687 831,1711
rect $classSgAsmPEImportLookupTableStorageClass.html 567,1735 844,1759
rect $classSgAsmPERVASizePairListStorageClass.html 576,1783 835,1807
rect $classSgAsmPERVASizePairStorageClass.html 587,1831 824,1855
rect $classSgAsmPESectionTableEntryStorageClass.html 571,1879 840,1903
rect $classSgAsmStringStorageStorageClass.html 592,1927 819,1951
rect $classSgAsmNodeStorageClass.html 8,967 184,991
