base referer
rect $classAsmUnparser_1_1BasicBlockBody.html 347,5 565,32
rect $classAsmUnparser_1_1BasicBlockCleanup.html 336,56 576,83
rect $classAsmUnparser_1_1BasicBlockLineTermination.html 313,107 599,133
rect $classAsmUnparser_1_1BasicBlockNoopUpdater.html 321,157 591,184
rect $classAsmUnparser_1_1BasicBlockNoopWarning.html 321,208 591,235
rect $classAsmUnparser_1_1BasicBlockPredecessors.html 320,259 592,285
rect $classAsmUnparser_1_1BasicBlockReasons.html 336,309 576,336
rect $classAsmUnparser_1_1BasicBlockSuccessors.html 327,360 585,387
rect $classAsmUnparser_1_1DataBlockBody.html 349,411 563,437
rect $classAsmUnparser_1_1DataBlockLineTermination.html 315,461 597,488
rect $classAsmUnparser_1_1DataBlockTitle.html 352,512 560,539
rect $classAsmUnparser_1_1FunctionAttributes.html 340,563 572,589
rect $classAsmUnparser_1_1FunctionBody.html 355,613 557,640
rect $classAsmUnparser_1_1FunctionComment.html 339,664 573,691
rect $classAsmUnparser_1_1FunctionEntryAddress.html 328,715 584,741
rect $classAsmUnparser_1_1FunctionLineTermination.html 320,765 592,792
rect $classAsmUnparser_1_1FunctionName.html 352,816 560,843
rect $classAsmUnparser_1_1FunctionPredecessors.html 328,867 584,893
rect $classAsmUnparser_1_1FunctionReasons.html 343,917 569,944
rect $classAsmUnparser_1_1FunctionSeparator.html 340,968 572,995
rect $classAsmUnparser_1_1FunctionSuccessors.html 333,1019 579,1045
rect $classAsmUnparser_1_1InsnAddress.html 359,1069 553,1096
rect $classAsmUnparser_1_1InsnBlockEntry.html 351,1120 561,1147
rect $classAsmUnparser_1_1InsnBlockSeparation.html 333,1171 579,1197
rect $classAsmUnparser_1_1InsnBody.html 368,1221 544,1248
rect $classAsmUnparser_1_1InsnComment.html 352,1272 560,1299
rect $classAsmUnparser_1_1InsnFuncEntry.html 352,1323 560,1349
rect $classAsmUnparser_1_1InsnLineTermination.html 335,1373 577,1400
rect $classAsmUnparser_1_1InsnNoEffect.html 356,1424 556,1451
rect $classAsmUnparser_1_1InsnRawBytes.html 352,1475 560,1501
rect $classAsmUnparser_1_1InsnSkipBackBegin.html 339,1525 573,1552
rect $classAsmUnparser_1_1InsnSkipBackEnd.html 344,1576 568,1603
rect $classAsmUnparser_1_1InterpBody.html 363,1627 549,1653
rect $classAsmUnparser_1_1InterpName.html 360,1677 552,1704
rect $classAsmUnparser_1_1StaticDataBlockEntry.html 331,1728 581,1755
rect $classAsmUnparser_1_1StaticDataBlockSeparation.html 313,1779 599,1805
rect $classAsmUnparser_1_1StaticDataComment.html 332,1829 580,1856
rect $classAsmUnparser_1_1StaticDataDetails.html 343,1880 569,1907
rect $classAsmUnparser_1_1StaticDataDisassembler.html 321,1931 591,1957
rect $classAsmUnparser_1_1StaticDataDisassembler_1_1DataNote.html 287,1981 625,2008
rect $classAsmUnparser_1_1StaticDataLineTermination.html 315,2032 597,2059
rect $classAsmUnparser_1_1StaticDataRawBytes.html 333,2083 579,2109
rect $classAsmUnparser_1_1StaticDataSkipBackBegin.html 319,2133 593,2160
rect $classAsmUnparser_1_1StaticDataSkipBackEnd.html 324,2184 588,2211
