base referer
rect $classSgBoolValExpStorageClass.html 503,7 689,31
rect $classSgCharValStorageClass.html 513,55 679,79
rect $classSgComplexValStorageClass.html 501,103 691,127
rect $classSgDoubleValStorageClass.html 507,151 685,175
rect $classSgEnumValStorageClass.html 511,199 681,223
rect $classSgFloatValStorageClass.html 513,247 679,271
rect $classSgIntValStorageClass.html 520,295 672,319
rect $classSgLongDoubleValStorageClass.html 492,343 700,367
rect $classSgLongIntValStorageClass.html 505,391 687,415
rect $classSgLongLongIntValStorageClass.html 491,439 701,463
rect $classSgShortValStorageClass.html 512,487 680,511
rect $classSgStringValStorageClass.html 511,535 681,559
rect $classSgUnsignedCharValStorageClass.html 485,583 707,607
rect $classSgUnsignedIntValStorageClass.html 492,631 700,655
rect $classSgUnsignedLongLongIntValStorageClass.html 463,679 729,703
rect $classSgUnsignedLongValStorageClass.html 485,727 707,751
rect $classSgUnsignedShortValStorageClass.html 484,775 708,799
rect $classSgUpcMythreadStorageClass.html 497,823 695,847
rect $classSgUpcThreadsStorageClass.html 501,871 691,895
rect $classSgWcharValStorageClass.html 508,919 684,943
rect $classSgExpressionStorageClass.html 7,463 191,487
