base referer
rect $classSgArrayTypeStorageClass.html 443,7 621,31
rect $classSgFunctionTypeStorageClass.html 435,55 629,79
rect $classSgModifierTypeStorageClass.html 435,103 629,127
rect $classSgNamedTypeStorageClass.html 437,151 627,175
rect $classSgPointerTypeStorageClass.html 439,199 625,223
rect $classSgQualifiedNameTypeStorageClass.html 415,247 649,271
rect $classSgReferenceTypeStorageClass.html 428,295 636,319
rect $classSgTemplateTypeStorageClass.html 432,343 632,367
rect $classSgTypeBoolStorageClass.html 445,391 619,415
rect $classSgTypeCharStorageClass.html 444,439 620,463
rect $classSgTypeComplexStorageClass.html 433,487 631,511
rect $classSgTypeDefaultStorageClass.html 437,535 627,559
rect $classSgTypeDoubleStorageClass.html 439,583 625,607
rect $classSgTypeEllipseStorageClass.html 440,631 624,655
rect $classSgTypeFloatStorageClass.html 444,679 620,703
rect $classSgTypeGlobalVoidStorageClass.html 427,727 637,751
rect $classSgTypeImaginaryStorageClass.html 429,775 635,799
rect $classSgTypeIntStorageClass.html 452,823 612,847
rect $classSgTypeLongDoubleStorageClass.html 423,871 641,895
rect $classSgTypeLongLongStorageClass.html 429,919 635,943
rect $classSgTypeLongStorageClass.html 444,967 620,991
rect $classSgTypeShortStorageClass.html 443,1015 621,1039
rect $classSgTypeSignedCharStorageClass.html 424,1063 640,1087
rect $classSgTypeSignedIntStorageClass.html 431,1111 633,1135
rect $classSgTypeSignedLongStorageClass.html 424,1159 640,1183
rect $classSgTypeSignedShortStorageClass.html 423,1207 641,1231
rect $classSgTypeStringStorageClass.html 441,1255 623,1279
rect $classSgTypeUnknownStorageClass.html 431,1303 633,1327
rect $classSgTypeUnsignedCharStorageClass.html 416,1351 648,1375
rect $classSgTypeUnsignedIntStorageClass.html 424,1399 640,1423
rect $classSgTypeUnsignedLongLongStorageClass.html 401,1447 663,1471
rect $classSgTypeUnsignedLongStorageClass.html 416,1495 648,1519
rect $classSgTypeUnsignedShortStorageClass.html 415,1543 649,1567
rect $classSgTypeVoidStorageClass.html 447,1591 617,1615
rect $classSgTypeWcharStorageClass.html 440,1639 624,1663
rect $classSgNodeStorageClass.html 8,823 157,847
