base referer
rect $classdottable.html 445,715 517,741
rect $classConstrGraph.html 657,765 759,792
rect $classLogicalCond.html 432,461 531,488
rect $classIntArithLogical.html 653,461 763,488
rect $classprintable.html 7,563 81,589
rect $classaffineInequality.html 179,335 299,361
rect $classBaseCFG_1_1iterator.html 172,385 305,412
rect $classBaseCFG_1_1iterator_1_1checkpoint.html 132,537 345,564
rect $classLattice.html 207,588 271,615
rect $classNodeFact.html 199,791 279,817
rect $classvarAffineInequality.html 168,841 309,868
rect $classBaseCFG_1_1back__iterator.html 396,56 567,83
rect $classBaseCFG_1_1dataflow.html 409,157 553,184
rect $classBaseCFG_1_1back__dataflow.html 617,5 799,32
rect $classFiniteLattice.html 433,309 529,336
rect $classInfiniteLattice.html 429,664 533,691
rect $classProductLattice.html 427,588 536,615
rect $classBoolAndLattice.html 651,157 765,184
rect $classDivLattice.html 667,208 749,235
rect $classDominatorLattice.html 643,259 773,285
rect $classFiniteProductLattice.html 637,512 779,539
rect $classLiveVarsLattice.html 649,309 767,336
rect $classnodeConstLattice.html 643,360 773,387
rect $classSeqStructLattice.html 647,411 769,437
rect $classSgnLattice.html 664,56 752,83
rect $classTaintLattice.html 663,107 753,133
rect $classFiniteVariablesProductLattice.html 857,512 1057,539
rect $classFiniteVarsExprsProductLattice.html 853,563 1061,589
rect $classInfiniteProductLattice.html 632,664 784,691
rect $classIntMaxLattice.html 656,715 760,741
rect $classInfiniteVariablesProductLattice.html 852,613 1063,640
rect $classInfiniteVarsExprsProductLattice.html 849,664 1065,691
rect $classVariablesProductLattice.html 624,563 792,589
rect $classVarsExprsProductLattice.html 621,613 795,640
rect $classaffineInequalityFact.html 409,816 553,843
rect $classDFStateAtReturns.html 416,867 547,893
rect $classIntArithLogicalFact.html 413,917 549,944
rect $classNodeID.html 448,765 515,792
